// Jest Snapshot v1, https://goo.gl/fbAQLP

exports[`App render 1`] = `
<div>
  <a
    onClick={[Function]}
    style={Object {}}
  >
    Log In
  </a>
</div>
`;
